/bin/bash ../libtool --tag=CXX   --mode=compile icpc -DHAVE_CONFIG_H -I. -I.././include/space    -O3 -xHOST -I../include -DHAVE_CONFIG_H -DHAVE_ISNAN -I/home/avery/work/nanopar/deal.II/lac/include -I/home/avery/work/nanopar/deal.II/deal.II/include -I/home/avery/work/nanopar/deal.II/base/include -I/home/avery/work/nanopar/deal.II/contrib/boost/include -I/usr/local/intel/mkl/10.0.3.020/include -I/usr/local/include       -DHAVE_CONFIG_H -DHAVE_ISNAN -I/usr/local/nanopar/include -I/usr/local/intel/mkl/10.0.3.020/include -I/usr/local/include    -O3 -xHOST -MT libspace_la-misc.lo -MD -MP -MF .deps/libspace_la-misc.Tpo -c -o libspace_la-misc.lo `test -f 'misc.cc' || echo './'`misc.cc
libtool: compile:  icpc -DHAVE_CONFIG_H -I. -I.././include/space -O3 -xHOST -I../include -DHAVE_CONFIG_H -DHAVE_ISNAN -I/home/avery/work/nanopar/deal.II/lac/include -I/home/avery/work/nanopar/deal.II/deal.II/include -I/home/avery/work/nanopar/deal.II/base/include -I/home/avery/work/nanopar/deal.II/contrib/boost/include -I/usr/local/intel/mkl/10.0.3.020/include -I/usr/local/include -DHAVE_CONFIG_H -DHAVE_ISNAN -I/usr/local/nanopar/include -I/usr/local/intel/mkl/10.0.3.020/include -I/usr/local/include -O3 -xHOST -MT libspace_la-misc.lo -MD -MP -MF .deps/libspace_la-misc.Tpo -c misc.cc  -fPIC -DPIC -o .libs/libspace_la-misc.o
libtool: compile:  icpc -DHAVE_CONFIG_H -I. -I.././include/space -O3 -xHOST -I../include -DHAVE_CONFIG_H -DHAVE_ISNAN -I/home/avery/work/nanopar/deal.II/lac/include -I/home/avery/work/nanopar/deal.II/deal.II/include -I/home/avery/work/nanopar/deal.II/base/include -I/home/avery/work/nanopar/deal.II/contrib/boost/include -I/usr/local/intel/mkl/10.0.3.020/include -I/usr/local/include -DHAVE_CONFIG_H -DHAVE_ISNAN -I/usr/local/nanopar/include -I/usr/local/intel/mkl/10.0.3.020/include -I/usr/local/include -O3 -xHOST -MT libspace_la-misc.lo -MD -MP -MF .deps/libspace_la-misc.Tpo -c misc.cc -o libspace_la-misc.o >/dev/null 2>&1
mv -f .deps/libspace_la-misc.Tpo .deps/libspace_la-misc.Plo
/bin/bash ../libtool --tag=CXX   --mode=compile icpc -DHAVE_CONFIG_H -I. -I.././include/space    -O3 -xHOST -I../include -DHAVE_CONFIG_H -DHAVE_ISNAN -I/home/avery/work/nanopar/deal.II/lac/include -I/home/avery/work/nanopar/deal.II/deal.II/include -I/home/avery/work/nanopar/deal.II/base/include -I/home/avery/work/nanopar/deal.II/contrib/boost/include -I/usr/local/intel/mkl/10.0.3.020/include -I/usr/local/include       -DHAVE_CONFIG_H -DHAVE_ISNAN -I/usr/local/nanopar/include -I/usr/local/intel/mkl/10.0.3.020/include -I/usr/local/include    -O3 -xHOST -MT libspace_la-regulargrid.lo -MD -MP -MF .deps/libspace_la-regulargrid.Tpo -c -o libspace_la-regulargrid.lo `test -f 'grid/regulargrid.cc' || echo './'`grid/regulargrid.cc
libtool: compile:  icpc -DHAVE_CONFIG_H -I. -I.././include/space -O3 -xHOST -I../include -DHAVE_CONFIG_H -DHAVE_ISNAN -I/home/avery/work/nanopar/deal.II/lac/include -I/home/avery/work/nanopar/deal.II/deal.II/include -I/home/avery/work/nanopar/deal.II/base/include -I/home/avery/work/nanopar/deal.II/contrib/boost/include -I/usr/local/intel/mkl/10.0.3.020/include -I/usr/local/include -DHAVE_CONFIG_H -DHAVE_ISNAN -I/usr/local/nanopar/include -I/usr/local/intel/mkl/10.0.3.020/include -I/usr/local/include -O3 -xHOST -MT libspace_la-regulargrid.lo -MD -MP -MF .deps/libspace_la-regulargrid.Tpo -c grid/regulargrid.cc  -fPIC -DPIC -o .libs/libspace_la-regulargrid.o
libtool: compile:  icpc -DHAVE_CONFIG_H -I. -I.././include/space -O3 -xHOST -I../include -DHAVE_CONFIG_H -DHAVE_ISNAN -I/home/avery/work/nanopar/deal.II/lac/include -I/home/avery/work/nanopar/deal.II/deal.II/include -I/home/avery/work/nanopar/deal.II/base/include -I/home/avery/work/nanopar/deal.II/contrib/boost/include -I/usr/local/intel/mkl/10.0.3.020/include -I/usr/local/include -DHAVE_CONFIG_H -DHAVE_ISNAN -I/usr/local/nanopar/include -I/usr/local/intel/mkl/10.0.3.020/include -I/usr/local/include -O3 -xHOST -MT libspace_la-regulargrid.lo -MD -MP -MF .deps/libspace_la-regulargrid.Tpo -c grid/regulargrid.cc -o libspace_la-regulargrid.o >/dev/null 2>&1
mv -f .deps/libspace_la-regulargrid.Tpo .deps/libspace_la-regulargrid.Plo
/bin/bash ../libtool --tag=CXX   --mode=compile icpc -DHAVE_CONFIG_H -I. -I.././include/space    -O3 -xHOST -I../include -DHAVE_CONFIG_H -DHAVE_ISNAN -I/home/avery/work/nanopar/deal.II/lac/include -I/home/avery/work/nanopar/deal.II/deal.II/include -I/home/avery/work/nanopar/deal.II/base/include -I/home/avery/work/nanopar/deal.II/contrib/boost/include -I/usr/local/intel/mkl/10.0.3.020/include -I/usr/local/include       -DHAVE_CONFIG_H -DHAVE_ISNAN -I/usr/local/nanopar/include -I/usr/local/intel/mkl/10.0.3.020/include -I/usr/local/include    -O3 -xHOST -MT libspace_la-fespace_pointwise.lo -MD -MP -MF .deps/libspace_la-fespace_pointwise.Tpo -c -o libspace_la-fespace_pointwise.lo `test -f 'fem/fespace_pointwise.cc' || echo './'`fem/fespace_pointwise.cc
libtool: compile:  icpc -DHAVE_CONFIG_H -I. -I.././include/space -O3 -xHOST -I../include -DHAVE_CONFIG_H -DHAVE_ISNAN -I/home/avery/work/nanopar/deal.II/lac/include -I/home/avery/work/nanopar/deal.II/deal.II/include -I/home/avery/work/nanopar/deal.II/base/include -I/home/avery/work/nanopar/deal.II/contrib/boost/include -I/usr/local/intel/mkl/10.0.3.020/include -I/usr/local/include -DHAVE_CONFIG_H -DHAVE_ISNAN -I/usr/local/nanopar/include -I/usr/local/intel/mkl/10.0.3.020/include -I/usr/local/include -O3 -xHOST -MT libspace_la-fespace_pointwise.lo -MD -MP -MF .deps/libspace_la-fespace_pointwise.Tpo -c fem/fespace_pointwise.cc  -fPIC -DPIC -o .libs/libspace_la-fespace_pointwise.o
libtool: compile:  icpc -DHAVE_CONFIG_H -I. -I.././include/space -O3 -xHOST -I../include -DHAVE_CONFIG_H -DHAVE_ISNAN -I/home/avery/work/nanopar/deal.II/lac/include -I/home/avery/work/nanopar/deal.II/deal.II/include -I/home/avery/work/nanopar/deal.II/base/include -I/home/avery/work/nanopar/deal.II/contrib/boost/include -I/usr/local/intel/mkl/10.0.3.020/include -I/usr/local/include -DHAVE_CONFIG_H -DHAVE_ISNAN -I/usr/local/nanopar/include -I/usr/local/intel/mkl/10.0.3.020/include -I/usr/local/include -O3 -xHOST -MT libspace_la-fespace_pointwise.lo -MD -MP -MF .deps/libspace_la-fespace_pointwise.Tpo -c fem/fespace_pointwise.cc -o libspace_la-fespace_pointwise.o >/dev/null 2>&1
mv -f .deps/libspace_la-fespace_pointwise.Tpo .deps/libspace_la-fespace_pointwise.Plo
/bin/bash ../libtool --tag=CXX   --mode=compile icpc -DHAVE_CONFIG_H -I. -I.././include/space    -O3 -xHOST -I../include -DHAVE_CONFIG_H -DHAVE_ISNAN -I/home/avery/work/nanopar/deal.II/lac/include -I/home/avery/work/nanopar/deal.II/deal.II/include -I/home/avery/work/nanopar/deal.II/base/include -I/home/avery/work/nanopar/deal.II/contrib/boost/include -I/usr/local/intel/mkl/10.0.3.020/include -I/usr/local/include       -DHAVE_CONFIG_H -DHAVE_ISNAN -I/usr/local/nanopar/include -I/usr/local/intel/mkl/10.0.3.020/include -I/usr/local/include    -O3 -xHOST -MT libspace_la-mesh.lo -MD -MP -MF .deps/libspace_la-mesh.Tpo -c -o libspace_la-mesh.lo `test -f 'fem/deal.II/mesh.cc' || echo './'`fem/deal.II/mesh.cc
libtool: compile:  icpc -DHAVE_CONFIG_H -I. -I.././include/space -O3 -xHOST -I../include -DHAVE_CONFIG_H -DHAVE_ISNAN -I/home/avery/work/nanopar/deal.II/lac/include -I/home/avery/work/nanopar/deal.II/deal.II/include -I/home/avery/work/nanopar/deal.II/base/include -I/home/avery/work/nanopar/deal.II/contrib/boost/include -I/usr/local/intel/mkl/10.0.3.020/include -I/usr/local/include -DHAVE_CONFIG_H -DHAVE_ISNAN -I/usr/local/nanopar/include -I/usr/local/intel/mkl/10.0.3.020/include -I/usr/local/include -O3 -xHOST -MT libspace_la-mesh.lo -MD -MP -MF .deps/libspace_la-mesh.Tpo -c fem/deal.II/mesh.cc  -fPIC -DPIC -o .libs/libspace_la-mesh.o
libtool: compile:  icpc -DHAVE_CONFIG_H -I. -I.././include/space -O3 -xHOST -I../include -DHAVE_CONFIG_H -DHAVE_ISNAN -I/home/avery/work/nanopar/deal.II/lac/include -I/home/avery/work/nanopar/deal.II/deal.II/include -I/home/avery/work/nanopar/deal.II/base/include -I/home/avery/work/nanopar/deal.II/contrib/boost/include -I/usr/local/intel/mkl/10.0.3.020/include -I/usr/local/include -DHAVE_CONFIG_H -DHAVE_ISNAN -I/usr/local/nanopar/include -I/usr/local/intel/mkl/10.0.3.020/include -I/usr/local/include -O3 -xHOST -MT libspace_la-mesh.lo -MD -MP -MF .deps/libspace_la-mesh.Tpo -c fem/deal.II/mesh.cc -o libspace_la-mesh.o >/dev/null 2>&1
mv -f .deps/libspace_la-mesh.Tpo .deps/libspace_la-mesh.Plo
/bin/bash ../libtool --tag=CXX   --mode=compile icpc -DHAVE_CONFIG_H -I. -I.././include/space    -O3 -xHOST -I../include -DHAVE_CONFIG_H -DHAVE_ISNAN -I/home/avery/work/nanopar/deal.II/lac/include -I/home/avery/work/nanopar/deal.II/deal.II/include -I/home/avery/work/nanopar/deal.II/base/include -I/home/avery/work/nanopar/deal.II/contrib/boost/include -I/usr/local/intel/mkl/10.0.3.020/include -I/usr/local/include       -DHAVE_CONFIG_H -DHAVE_ISNAN -I/usr/local/nanopar/include -I/usr/local/intel/mkl/10.0.3.020/include -I/usr/local/include    -O3 -xHOST -MT libspace_la-3D-grid.lo -MD -MP -MF .deps/libspace_la-3D-grid.Tpo -c -o libspace_la-3D-grid.lo `test -f 'instances/3D-grid.cc' || echo './'`instances/3D-grid.cc
libtool: compile:  icpc -DHAVE_CONFIG_H -I. -I.././include/space -O3 -xHOST -I../include -DHAVE_CONFIG_H -DHAVE_ISNAN -I/home/avery/work/nanopar/deal.II/lac/include -I/home/avery/work/nanopar/deal.II/deal.II/include -I/home/avery/work/nanopar/deal.II/base/include -I/home/avery/work/nanopar/deal.II/contrib/boost/include -I/usr/local/intel/mkl/10.0.3.020/include -I/usr/local/include -DHAVE_CONFIG_H -DHAVE_ISNAN -I/usr/local/nanopar/include -I/usr/local/intel/mkl/10.0.3.020/include -I/usr/local/include -O3 -xHOST -MT libspace_la-3D-grid.lo -MD -MP -MF .deps/libspace_la-3D-grid.Tpo -c instances/3D-grid.cc  -fPIC -DPIC -o .libs/libspace_la-3D-grid.o
libtool: compile:  icpc -DHAVE_CONFIG_H -I. -I.././include/space -O3 -xHOST -I../include -DHAVE_CONFIG_H -DHAVE_ISNAN -I/home/avery/work/nanopar/deal.II/lac/include -I/home/avery/work/nanopar/deal.II/deal.II/include -I/home/avery/work/nanopar/deal.II/base/include -I/home/avery/work/nanopar/deal.II/contrib/boost/include -I/usr/local/intel/mkl/10.0.3.020/include -I/usr/local/include -DHAVE_CONFIG_H -DHAVE_ISNAN -I/usr/local/nanopar/include -I/usr/local/intel/mkl/10.0.3.020/include -I/usr/local/include -O3 -xHOST -MT libspace_la-3D-grid.lo -MD -MP -MF .deps/libspace_la-3D-grid.Tpo -c instances/3D-grid.cc -o libspace_la-3D-grid.o >/dev/null 2>&1
mv -f .deps/libspace_la-3D-grid.Tpo .deps/libspace_la-3D-grid.Plo
/bin/bash ../libtool --tag=CXX   --mode=compile icpc -DHAVE_CONFIG_H -I. -I.././include/space    -O3 -xHOST -I../include -DHAVE_CONFIG_H -DHAVE_ISNAN -I/home/avery/work/nanopar/deal.II/lac/include -I/home/avery/work/nanopar/deal.II/deal.II/include -I/home/avery/work/nanopar/deal.II/base/include -I/home/avery/work/nanopar/deal.II/contrib/boost/include -I/usr/local/intel/mkl/10.0.3.020/include -I/usr/local/include       -DHAVE_CONFIG_H -DHAVE_ISNAN -I/usr/local/nanopar/include -I/usr/local/intel/mkl/10.0.3.020/include -I/usr/local/include    -O3 -xHOST -MT libspace_la-3D-fespace.lo -MD -MP -MF .deps/libspace_la-3D-fespace.Tpo -c -o libspace_la-3D-fespace.lo `test -f 'instances/3D-fespace.cc' || echo './'`instances/3D-fespace.cc
libtool: compile:  icpc -DHAVE_CONFIG_H -I. -I.././include/space -O3 -xHOST -I../include -DHAVE_CONFIG_H -DHAVE_ISNAN -I/home/avery/work/nanopar/deal.II/lac/include -I/home/avery/work/nanopar/deal.II/deal.II/include -I/home/avery/work/nanopar/deal.II/base/include -I/home/avery/work/nanopar/deal.II/contrib/boost/include -I/usr/local/intel/mkl/10.0.3.020/include -I/usr/local/include -DHAVE_CONFIG_H -DHAVE_ISNAN -I/usr/local/nanopar/include -I/usr/local/intel/mkl/10.0.3.020/include -I/usr/local/include -O3 -xHOST -MT libspace_la-3D-fespace.lo -MD -MP -MF .deps/libspace_la-3D-fespace.Tpo -c instances/3D-fespace.cc  -fPIC -DPIC -o .libs/libspace_la-3D-fespace.o
libtool: compile:  icpc -DHAVE_CONFIG_H -I. -I.././include/space -O3 -xHOST -I../include -DHAVE_CONFIG_H -DHAVE_ISNAN -I/home/avery/work/nanopar/deal.II/lac/include -I/home/avery/work/nanopar/deal.II/deal.II/include -I/home/avery/work/nanopar/deal.II/base/include -I/home/avery/work/nanopar/deal.II/contrib/boost/include -I/usr/local/intel/mkl/10.0.3.020/include -I/usr/local/include -DHAVE_CONFIG_H -DHAVE_ISNAN -I/usr/local/nanopar/include -I/usr/local/intel/mkl/10.0.3.020/include -I/usr/local/include -O3 -xHOST -MT libspace_la-3D-fespace.lo -MD -MP -MF .deps/libspace_la-3D-fespace.Tpo -c instances/3D-fespace.cc -o libspace_la-3D-fespace.o >/dev/null 2>&1
mv -f .deps/libspace_la-3D-fespace.Tpo .deps/libspace_la-3D-fespace.Plo
/bin/bash ../libtool --tag=CXX   --mode=compile icpc -DHAVE_CONFIG_H -I. -I.././include/space    -O3 -xHOST -I../include -DHAVE_CONFIG_H -DHAVE_ISNAN -I/home/avery/work/nanopar/deal.II/lac/include -I/home/avery/work/nanopar/deal.II/deal.II/include -I/home/avery/work/nanopar/deal.II/base/include -I/home/avery/work/nanopar/deal.II/contrib/boost/include -I/usr/local/intel/mkl/10.0.3.020/include -I/usr/local/include       -DHAVE_CONFIG_H -DHAVE_ISNAN -I/usr/local/nanopar/include -I/usr/local/intel/mkl/10.0.3.020/include -I/usr/local/include    -O3 -xHOST -MT libspace_la-3D-fespace-dii.lo -MD -MP -MF .deps/libspace_la-3D-fespace-dii.Tpo -c -o libspace_la-3D-fespace-dii.lo `test -f 'instances/3D-fespace-dii.cc' || echo './'`instances/3D-fespace-dii.cc
libtool: compile:  icpc -DHAVE_CONFIG_H -I. -I.././include/space -O3 -xHOST -I../include -DHAVE_CONFIG_H -DHAVE_ISNAN -I/home/avery/work/nanopar/deal.II/lac/include -I/home/avery/work/nanopar/deal.II/deal.II/include -I/home/avery/work/nanopar/deal.II/base/include -I/home/avery/work/nanopar/deal.II/contrib/boost/include -I/usr/local/intel/mkl/10.0.3.020/include -I/usr/local/include -DHAVE_CONFIG_H -DHAVE_ISNAN -I/usr/local/nanopar/include -I/usr/local/intel/mkl/10.0.3.020/include -I/usr/local/include -O3 -xHOST -MT libspace_la-3D-fespace-dii.lo -MD -MP -MF .deps/libspace_la-3D-fespace-dii.Tpo -c instances/3D-fespace-dii.cc  -fPIC -DPIC -o .libs/libspace_la-3D-fespace-dii.o
libtool: compile:  icpc -DHAVE_CONFIG_H -I. -I.././include/space -O3 -xHOST -I../include -DHAVE_CONFIG_H -DHAVE_ISNAN -I/home/avery/work/nanopar/deal.II/lac/include -I/home/avery/work/nanopar/deal.II/deal.II/include -I/home/avery/work/nanopar/deal.II/base/include -I/home/avery/work/nanopar/deal.II/contrib/boost/include -I/usr/local/intel/mkl/10.0.3.020/include -I/usr/local/include -DHAVE_CONFIG_H -DHAVE_ISNAN -I/usr/local/nanopar/include -I/usr/local/intel/mkl/10.0.3.020/include -I/usr/local/include -O3 -xHOST -MT libspace_la-3D-fespace-dii.lo -MD -MP -MF .deps/libspace_la-3D-fespace-dii.Tpo -c instances/3D-fespace-dii.cc -o libspace_la-3D-fespace-dii.o >/dev/null 2>&1
mv -f .deps/libspace_la-3D-fespace-dii.Tpo .deps/libspace_la-3D-fespace-dii.Plo
/bin/bash ../libtool --tag=CXX   --mode=link icpc -O3 -xHOST -I../include -DHAVE_CONFIG_H -DHAVE_ISNAN -I/home/avery/work/nanopar/deal.II/lac/include -I/home/avery/work/nanopar/deal.II/deal.II/include -I/home/avery/work/nanopar/deal.II/base/include -I/home/avery/work/nanopar/deal.II/contrib/boost/include -I/usr/local/intel/mkl/10.0.3.020/include -I/usr/local/include       -DHAVE_CONFIG_H -DHAVE_ISNAN -I/usr/local/nanopar/include -I/usr/local/intel/mkl/10.0.3.020/include -I/usr/local/include    -O3 -xHOST  -version-info 0:1:0 -L/usr/local/nanopar/lib -L/usr/local/nanopar/lib    -L/usr/local/nanopar/lib -L/usr/local/nanopar/lib  -o libspace.la -rpath /usr/local/nanopar/lib libspace_la-misc.lo libspace_la-regulargrid.lo libspace_la-fespace_pointwise.lo libspace_la-mesh.lo libspace_la-3D-grid.lo libspace_la-3D-fespace.lo libspace_la-3D-fespace-dii.lo        -lm 
libtool: link: icpc -shared  .libs/libspace_la-misc.o .libs/libspace_la-regulargrid.o .libs/libspace_la-fespace_pointwise.o .libs/libspace_la-mesh.o .libs/libspace_la-3D-grid.o .libs/libspace_la-3D-fespace.o .libs/libspace_la-3D-fespace-dii.o   -L/usr/local/nanopar/lib -L/usr/local/intel/mkl/10.0.3.020/lib/32 -L/usr/local/intel//Compiler/11.0/069/lib/ia32 -L/usr/lib/gcc/i486-linux-gnu/4.3.2/ -L/usr/lib/gcc/i486-linux-gnu/4.3.2/../../../../lib/ -L/lib/../lib/ -L/usr/lib/../lib/ -L/usr/local/intel/mkl/10.0.3.020/lib/32/ -L/usr/lib/gcc/i486-linux-gnu/4.3.2/../../../ -L/lib/ -L/usr/lib -limf -lsvml -lm -lipgo -ldecimal -lstdc++ -lintlc -lgcc_s -lirc_s -ldl -lc    -Wl,-soname -Wl,libspace.so.0 -o .libs/libspace.so.0.0.1
libtool: link: (cd ".libs" && rm -f "libspace.so.0" && ln -s "libspace.so.0.0.1" "libspace.so.0")
libtool: link: (cd ".libs" && rm -f "libspace.so" && ln -s "libspace.so.0.0.1" "libspace.so")
libtool: link: ar cru .libs/libspace.a  libspace_la-misc.o libspace_la-regulargrid.o libspace_la-fespace_pointwise.o libspace_la-mesh.o libspace_la-3D-grid.o libspace_la-3D-fespace.o libspace_la-3D-fespace-dii.o
libtool: link: ranlib .libs/libspace.a
libtool: link: ( cd ".libs" && rm -f "libspace.la" && ln -s "../libspace.la" "libspace.la" )
